// Jest Snapshot v1, https://goo.gl/fbAQLP

exports[`Counter should render a  button 1`] = `
<div
  className="Counter"
>
  <p>
    Counter : 
  </p>
  <span>
    <button
      onClick={[Function]}
      type="button"
    >
      Increment
    </button>
    <button
      onClick={[Function]}
      type="button"
    >
      Decreament
    </button>
  </span>
</div>
`;
